// Vitest Snapshot v1, https://vitest.dev/guide/snapshot.html

exports[`App > snapshot UI testing 1`] = `"Hello ! Esteban in ArticleLikes: 50Published: yesSecondCompThirdComp EstebanShwo my popupHide my popupMy popupDefault Slot CardHeaderMainFooterDefault Slot CardCard HeaderCard MainCard Footer"`;
